// Jest Snapshot v1, https://goo.gl/fbAQLP

exports[`Verify SvgGenerator renders correctly 1`] = `
<ContextConsumer>
  <Component />
</ContextConsumer>
`;
