// Jest Snapshot v1, https://goo.gl/fbAQLP

exports[`Verify InstantiationElementItem renders correctly 1`] = `<Fragment />`;
