// Jest Snapshot v1, https://goo.gl/fbAQLP

exports[`Verify GetToscaTemplate renders correctly 1`] = `
<Fragment>
  <Button
    active={false}
    disabled={false}
    onClick={[Function]}
    type="submit"
    variant="primary"
  >
    Pull Tosca Service Template
  </Button>
</Fragment>
`;
