// Jest Snapshot v1, https://goo.gl/fbAQLP

exports[`Verify InstantiationElements renders correctly 1`] = `<Fragment />`;
